---
source: tests/integration.rs
expression: code
---
// GENERATED CODE (ch2rs v0.1.6)
#![cfg_attr(rustfmt, rustfmt::skip)]
#![allow(warnings)]
#![allow(clippy::all)]

// Generated with the following options:
/*
ch2rs ch2rs_test -S -D --owned \
        -T 'FixedString(5)=[u8; 5]' \
        -T 'Date=u16' \
        -T 'DateTime=u32' \
        -T 'DateTime64(9)=u64' \
        -T 'Decimal(18, 9)=u64' \
        -O 'blob=Vec<u8>' \
        -B 'blob' \
        -I 'ignored'
*/

#[derive(Debug, clickhouse::Row)]
#[derive(serde::Serialize)]
#[derive(serde::Deserialize)]
pub struct Row {
    pub u8: u8,
    pub u16: u16,
    pub u32: u32,
    pub u64: u64,
    pub u128: u128,
    pub i8: i8,
    pub i16: i16,
    pub i32: i32,
    pub i64: i64,
    pub i128: i128,
    pub bool: bool,
    pub str: String,
    pub low_str: String,
    #[serde(with = "serde_bytes")]
    pub blob: Vec<u8>,
    pub fs: [u8; 5],
    pub f32: f32,
    pub f64: f64,
    pub d: u16,
    pub dt: u32,
    pub dt64: u64,
    #[serde(with = "::clickhouse::serde::ipv4")]
    pub ipv4: ::std::net::Ipv4Addr,
    #[serde(with = "::clickhouse::serde::ipv4::option")]
    pub ipv4_opt: Option<::std::net::Ipv4Addr>,
    pub ipv6: ::std::net::Ipv6Addr,
    #[serde(with = "::clickhouse::serde::uuid")]
    pub uuid: ::uuid::Uuid,
    #[serde(with = "::clickhouse::serde::uuid::option")]
    pub uuid_opt: Option<::uuid::Uuid>,
    pub dec64: u64,
    pub enum8: Enum8,
    pub enum16: Enum16,
    pub array: Vec<String>,
    pub tuple: (String, String, ),
    pub str_opt: Option<String>,
    pub map_str: Vec<(String, String, )>,
    pub map_f32: Vec<(String, f32, )>,
    pub default: u16,
    pub material: u16,
    pub alias: u16,
}

#[derive(Debug)]
#[derive(serde_repr::Serialize_repr)]
#[derive(serde_repr::Deserialize_repr)]
#[repr(i8)]
pub enum Enum8 {
    Empty = -128,
    FooBar = 0,
}

#[derive(Debug)]
#[derive(serde_repr::Serialize_repr)]
#[derive(serde_repr::Deserialize_repr)]
#[repr(i16)]
pub enum Enum16 {
    Empty = -128,
    FooBar = 1024,
}
